Open Watcom Linker Version 1.9
Portions Copyright (c) 1985-2002 Sybase, Inc. All Rights Reserved.
Created on:       17/06/07 14:51:14
Executable Image: noname.exe
creating a Windows NT character-mode executable


                        +------------+
                        |   Groups   |
                        +------------+

Group                           Address              Size
=====                           =======              ====

.idata                          00414000             00000786
DGROUP                          00415000             00034480



                        +--------------+
                        |   Segments   |
                        +--------------+

Segment                Class          Group          Address         Size
=======                =====          =====          =======         ====

BEGTEXT                CODE           AUTO           00401000        00000007
_TEXT                  CODE           AUTO           00401010        00012758
TRANSFER CODE          CODE           AUTO           00413768        0000019e
.idata                 .idata         .idata         00414000        00000786
_NULL                  BEGDATA        DGROUP         00415000        00000004
_AFTERNULL             BEGDATA        DGROUP         00415004        00000000
CONST                  DATA           DGROUP         00415010        0000011c
_DATA                  DATA           DGROUP         00415130        00001090
DATA                   DATA           DGROUP         004161c0        00000014
CONST2                 DATA           DGROUP         004161d4        00000000
XIB                    DATA           DGROUP         004161d4        00000000
XI                     DATA           DGROUP         004161d4        0000004e
XIE                    DATA           DGROUP         00416222        00000000
YIB                    DATA           DGROUP         00416222        00000000
YI                     DATA           DGROUP         00416222        00000030
YIE                    DATA           DGROUP         00416252        00000000
DATA32                 DATA           DGROUP         00416254        0000011c
TIB                    DATA           DGROUP         00416370        00000000
TI                     DATA           DGROUP         00416370        00000000
TIE                    DATA           DGROUP         00416370        00000000
GRID                   GRID           DGROUP         00417000        00021340
CONST32                CONST          DGROUP         00438340        00000000
_BSS                   BSS            DGROUP         00438340        00001140
BSS32                  BSS            DGROUP         00439480        00000000
STACK                  STACK          DGROUP         00439480        00010000


                        +----------------+
                        |   Memory Map   |
                        +----------------+

* = unreferenced symbol
+ = symbol only referenced locally

Address        Symbol
=======        ======

Module: lab4.obj(C:\WATCOM\projects\lab4\lab4.for)
00401010       FMAIN
0040118c+      FUN
004011da+      MAKEGRID
00401289+      SIMPSON
00401388+      SQUARE
00401443+      GAUS_5
004161c0+      DATA
00417000+      GRID
Module: C:\WATCOM/lib386/nt\flib7.lib(setunit.c)
00401640       RT@SetUnit
Module: C:\WATCOM/lib386/nt\flib7.lib(setfile.c)
00401680       RT@SetFile
Module: C:\WATCOM/lib386/nt\flib7.lib(exopen.c)
00401dd0       RT@IOOpen
00415168+      _AccModTab
00415178+      _FormTab
00415184+      _OpStatTab
00415198+      _BlnkTab
004151a4+      _RecFmTab
004151b4+      _CCtrlTab
004151c0+      _ActionTab
004151d0+      _ShareTab
Module: C:\WATCOM/lib386/nt\flib7.lib(cowrite)
00401de6       RT@IOWrite
00401df5*      RT@OutLOG1
00401e07*      RT@OutLOG4
00401e15*      RT@OutINT1
00401e27*      RT@OutINT2
00401e37       RT@OutINT4
00401e46*      RT@OutREAL
00401e56       RT@OutDBLE
00401e66*      RT@OutXTND
00401e76*      RT@OutCPLX
00401e8c*      RT@OutDBCX
00401ea2*      RT@OutXTCX
00401eb8*      RT@OutCHAR
00401ebd*      RT@OutSTR
00401ec2*      RT@PrtArr
00401ec7*      RT@PrtChArr
Module: C:\WATCOM/lib386/nt\flib7.lib(cortns)
004151e8*      _FRT_SaveESP
00401ed7*      SwitchToGen
00401ef5       SwitchToRT
00401f13       RdWrCommon
00401fb7       IOType_
00401fd5       IOChar
00401ff0       IOStr
00402005       IOArr
00402020       IOChArr
00402042       RT@EndIO
Module: C:\WATCOM/lib386/nt\flib7.lib(exclose.c)
00402140       RT@IOClose
Module: C:\WATCOM/lib386/nt\flib7.lib(pause.c)
00402170       RT@Pause
00415218*      LG@PAUSE_HOOK
Module: C:\WATCOM/lib386\math387r.lib(pow87)
0040230d*      pow_
004021b4       IF@DPOW
004021b4*      IF@POW
Module: C:\WATCOM/lib386/nt\clib3r.lib(cstrtwnt)
0040231e       _cstart_
0040231e*      mainCRTStartup
Module: C:\WATCOM/lib386/nt\clib3r.lib(_8087)
0041521c       __8087
0041521d       __real87
Module: C:\WATCOM/lib386/nt\emu387.lib(386)
0040237c       __init_387_emulator
0040237d*      __fini_387_emulator
Module: C:\WATCOM/lib386/nt\flib7.lib(initeng.c)
00438390       __init_english
Module: C:\WATCOM/lib386/nt\flib7.lib(initerr.c)
00438394       __init_error
Module: C:\WATCOM/lib386/nt\flib7.lib(setiocb.c)
00402380       RT@SetIOCB
Module: C:\WATCOM/lib386/nt\flib7.lib(rdata.c)
004383a0       _IORslt
004383b0       _FmtBuff
004383b4*      _Fmt_revert
004383b8*      _Fmt_start
004383bc*      _Fmt_paren_level
004383c0*      _Fmt_charptr
004383c4*      _FmtEmStruct
004383c8       _IOTypeRtn
004383cc*      _Fmt_end
004383d0*      _Fmt_rep_spec
004383d4       _FmtRoutine
004383d8       _IOCB
004383dc       _Files
004383e0*      _Fmt_delimited
Module: C:\WATCOM/lib386/nt\flib7.lib(rtutls.c)
00402430       FindFtnFile_
00402520       RChkAlloc_
00402550       F_Connect_
004025d0       ConnectFile_
004025e0       GetFileInfo_
004026d0       DiscoFile_
00402740*      ChkFileName_
00402770+      ChkLogFile_
004027b0       ChkIOOperation_
004027f0       GetIOErr_
00402800       ChkIOErr_
00402820       ChkUnitId_
00402860*      ChkConnected_
00402880       SetEOF_
004028b0       ClearEOF_
004028f0       SysEOF_
00402920       IsFixed_
00402930       IsCarriage_
00402940*      ChkRecordStructure_
00402970*      ChkSequential_
00402990*      ChkExist_
004029c0       StrItem_
Module: C:\WATCOM/lib386/nt\flib7.lib(exutil.c)
00402a40       FindKWord_
00402ad0*      ClrBuff_
00415220       _SpecId
Module: C:\WATCOM/lib386/nt\flib7.lib(ioerr.c)
00402b20       IOErr_
Module: C:\WATCOM/lib386/nt\flib7.lib(rtsysutl.c)
00402bb0       GetSysIOInfo_
00402bd0       GetSysFileInfo_
00402c00       IsDevice_
00402dd0       OpenAction_
00402e10*      DfltRecType_
00402e30+      _FileAttrs_
00402ef0       CloseFile_
00402f60       Scrtched_
00402f80       CloseDeleteFile_
00402fd0       Errf_
00402ff0       FPutBuff_
00403060       FGetBuff_
004030b0       SeekFile_
004030d0       NoEOF_
004030e0       SysClearEOF_
004030f0       SameFile_
00403100*      Rewindf_
00403120       SysCreateFile_
00403160*      CheckLogicalRecord_
00403180       SkipLogicalRecord_
004031a0*      BackSpacef_
004031d0*      EndFilef_
00403210       GetIOErrMsg_
00403250       ReportNExist_
00403270       ReportEOF_
00403280       WaitForEnter_
Module: C:\WATCOM/lib386/nt\flib7.lib(runmain.c)
00403290*      __InitUnit6CC_
004032a0       __DevicesCC_
004032b0*      __InitAllowCommaSeparator_
004032c0       __AllowCommaSep_
004032d0+      _InitIO_
00403340+      CloseAllFiles_
00403380*      _FiniEx_
00403380       RunExit_
004033c0       RunEntry_
Module: C:\WATCOM/lib386/nt\flib7.lib(rdwr.c)
004033f0       DoOpen_
00403420+      _AllocBuffer_
00403460       IOPrologue_
004036a0       UpdateRecNum_
Module: C:\WATCOM/lib386/nt\flib7.lib(iomain.c)
004036e0       __ReleaseIOSys_
00403700       IOMain_
Module: C:\WATCOM/lib386/nt\flib7.lib(exwrite.c)
00403920       DoWrite_
Module: C:\WATCOM/lib386/nt\clib3r.lib(crwdata)
00415290       __osmajor
00415291       __osminor
00415292       __osbuild
00415294       __osver
00415298       __winmajor
0041529c       __winminor
004152a0       __winver
0041525c       __LpDllName
00415260       __LpwCmdLine
00415264       __LpwPgmName
00415268       __LpwDllName
00415254       __LpCmdLine
00415258       __LpPgmName
0041524c*      __dynend
00415250       __curbrk
0041526c*      __STACKLOW
00415270       __STACKTOP
00415274       __ASTACKSIZ
00415278       __ASTACKPTR
0041527c*      __cbyte
00415280*      __cbyte2
00415284*      __child
0041528a       __Envptr
0041528e*      __Envseg
00415288       __no87
004152a4       ___FPE_handler
Module: C:\WATCOM/lib386/nt\flib7.lib(thrdutil.c)
004039b0*      __InitMultiThreadIO_
004152ac       ___SwitchStkLow
Module: C:\WATCOM/lib386/nt\flib7.lib(rtinit.c)
004152b0       ___FAppType
004152b4       __ExceptionInit
004152b8       __ExceptionFini
004039d0*      __InitFThreadData_
00403a10+      RTSysFini_
00403a20       RTSysInit_
004152c0       __AccessFIO
004152c4       __ReleaseFIO
004152c8       __PartialReleaseFIO
004383e8       ___FThreadDataOffset
004161f2*      ___fthread_data_size
Module: C:\WATCOM/lib386/nt\flib7.lib(rterr.c)
004152cc+      _TraceRoutine
00403aa0       FlushStdUnit_
00403af0+      WriteErr_
00403bc0       ErrHandler_
00403c00       RTErr_
004152d8+      LG@ERR_HOOK
Module: C:\WATCOM/lib386/nt\flib7.lib(stdio.c)
00403c40       StdBuffer_
00403c60       StdWrite_
00403d40       StdFlush_
00403d70       StdWriteNL_
Module: C:\WATCOM/lib386/nt\clib3r.lib(chipvar)
004156e4       ___chipbug
004156e4       __chipbug
Module: C:\WATCOM/lib386\math387r.lib(pow87e.c)
00403d98       __pow87_err_
Module: C:\WATCOM/lib386\math387r.lib(exp87)
00403e87*      exp_
00403e20*      __@DEXP1
00403e28*      IF@EXP
00403e28*      IF@DEXP
00403e2a       __@DEXP
Module: C:\WATCOM/lib386/nt\clib3r.lib(chipd32.asm)
00403fab       __fdiv_fpr
0040446d*      __fdiv_chk
00404480*      __fdiv_m32
004044cd*      __fdiv_m64
0040451a*      __fdiv_m32r
00404567*      __fdiv_m64r
Module: C:\WATCOM/lib386/nt\clib3r.lib(main2wnt.c)
004045c0       __NTMain
Module: C:\WATCOM/lib386/nt\clib3r.lib(segdefns)
00401003       ___begtext
00415000*      __nullarea
004161d4       __Start_XI
00416222       __End_XI
00416222       __Start_YI
00416252       __End_YI
Module: C:\WATCOM/lib386/nt\clib3r.lib(chk8087.c)
00404640*      _fpreset_
00404680       __chk8087_
00404690*      __init_8087_
Module: C:\WATCOM/lib386/nt\flib7.lib(english.c)
004046e0       __UseEnglishCharSet_
Module: C:\WATCOM/lib386/nt\flib7.lib(errincl.c)
004047f0       __InitError_
004156f8+      _PGroupTable
004156fc+      _PErrWord
Module: C:\WATCOM/lib386/nt\clib3r.lib(mainwnt.c)
00415700       ___TlsIndex
00415704       ___FirstThreadData
00415708       ___GetThreadPtr
0041570c       __AccessFileH
00415710       __ReleaseFileH
00415714       __AccessIOB
00415718       __ReleaseIOB
0041571c       __AccessNHeap
00415720       __AccessFHeap
00415724       __ReleaseNHeap
00404820*      __threadid_
00404840+      __sig_null_rtn_
00404850+      __NTInit_
00404a30+      __NTFini_
00404a90       __NTMainInit_
00404af0       __exit_
00415728       __ReleaseFHeap
0041572c       __AccessTDList
00415730       __ReleaseTDList
00415734       __AccessFList
00415738       __ReleaseFList
0041573c       __ThreadExitRtn
00415740       ___sig_init_rtn
00415744       ___sig_fini_rtn
00415748       ___process_fini
004383f8       ___Is_DLL
Module: C:\WATCOM/lib386/nt\flib7.lib(ioinit.c)
00404b50       IOSysInit_
Module: C:\WATCOM/lib386/nt\flib7.lib(fdutil.c)
00404b80       LocFile_
00404b90       LocUnit_
00404bc0       ExtractInfo_
Module: C:\WATCOM/lib386/nt\flib7.lib(rstdio.c)
00404cf0       _InitStandardInput_
00404d20       _InitStandardOutput_
Module: C:\WATCOM/lib386/nt\flib7.lib(rmemmgr.c)
00404d50       RMemAlloc_
00404d60       RMemFree_
Module: C:\WATCOM/lib386/nt\clib3r.lib(memset.c)
00404d70       memset_
Module: C:\WATCOM/lib386/nt\flib7.lib(deffname.c)
00415750       _DefFName
Module: C:\WATCOM/lib386/nt\flib7.lib(stracc.c)
00404d90       TrimStr_
00404dd0       GetStr_
Module: C:\WATCOM/lib386/nt\flib7.lib(spawn.c)
00404e00       Spawn_
00404e60       Suicide_
Module: C:\WATCOM/lib386/nt\clib3r.lib(memicmp.c)
00404ea0       memicmp_
Module: C:\WATCOM/lib386/nt\flib7.lib(blderr.c)
00404f60       Substitute_
00405120       ErrCodOrg_
Module: C:\WATCOM/lib386/nt\clib3r.lib(accsswnt.c)
00405130       access_
Module: C:\WATCOM/lib386/nt\clib3r.lib(fullpath.c)
00405170+      _sys_fullpath_
004051f0       _fullpath_
Module: C:\WATCOM/lib386/nt\clib3r.lib(fstatwnt.c)
00405260       fstat_
Module: C:\WATCOM/lib386/nt\flib7.lib(poserr.c)
004055c0       Errorf_
004055e0*      EOFile_
00405600       ErrorMsg_
00405640       FSetTrunc_
00405650       FSetSysErr_
00405670       FSetErr_
00405690       FSetEof_
004056b0       IOOk_
Module: C:\WATCOM/lib386/nt\clib3r.lib(statwnt.c)
004057d5       stat_
Module: C:\WATCOM/lib386/nt\flib7.lib(posopen.c)
00405a10       InitStd_
00405ad0       SetIOBufferSize_
00405af0+      _AllocFile_
00405be0       Openf_
00405cd0       Closef_
Module: C:\WATCOM/lib386/nt\flib7.lib(posdat.c)
00415940       _FStdIn
00415944       _FStdOut
00415948       _FStdErr
Module: C:\WATCOM/lib386/nt\flib7.lib(posflush.c)
00405d50       FlushBuffer_
Module: C:\WATCOM/lib386/nt\flib7.lib(posdel.c)
00405e00       Scratchf_
Module: C:\WATCOM/lib386/nt\clib3r.lib(nodefwin.c)
0041594c*      __WindowsIsWindowedHandle
00415950*      __WindowsRemoveWindowedHandle
00415954*      __WindowsNewWindow
00415958*      __WindowsCloseWindow
0041595c*      __WindowsSetAbout
00415960*      __WindowsSetAppTitle
00415964*      __WindowsSetConTitle
00415968*      __WindowsDestroyOnClose
0041596c*      __WindowsYieldControl
00415970*      __WindowsShutDown
00415974*      __WindowsStdin
00415978       __WindowsStdout
0041597c*      __WindowsKbhit
00415980*      __WindowsGetch
00415984*      __WindowsGetche
00415988*      __WindowsPutch
00405e20*      _dwShutDown_
00405e20*      _dwYield_
00405e20*      _dwSetConTitle_
00405e20*      _dwSetAppTitle_
00405e20*      _dwSetAboutDlg_
00405e20       _dwDeleteOnClose_
0041598c*      __WindowsExitRtn
00438a14*      __init_default_win
Module: C:\WATCOM/lib386/nt\flib7.lib(posput.c)
00405e30       FPutRec_
00405e70       ChopFile_
00405ec0*      PutRec_
00405fe0       writebytes_
00406060       SysWrite_
Module: C:\WATCOM/lib386/nt\flib7.lib(posget.c)
004061a0       readbytes_
00406270       SysRead_
004066e0       FGetRec_
00406710*      GetRec_
00406730       GetStdChar_
00406780       FCheckLogical_
00406800       FSkipLogical_
004068d0*      FGetVarRecLen_
Module: C:\WATCOM/lib386/nt\flib7.lib(posseek.c)
004069c0       FSeekRec_
00406a00       CurrFileOffset_
00406a00       FGetFilePos_
00406a20       SysSeek_
00406c10*      FSeekAbs_
Module: C:\WATCOM/lib386/nt\clib3r.lib(stricmp.c)
00406c20       stricmp_
Module: C:\WATCOM/lib386/nt\flib7.lib(posrew.c)
00406c60       FRewind_
Module: C:\WATCOM/lib386/nt\flib7.lib(posback.c)
00406cd0       FBackspace_
Module: C:\WATCOM/lib386/nt\flib7.lib(postrunc.c)
00406db0       FTruncate_
Module: C:\WATCOM/lib386/nt\clib3r.lib(errno.c)
00406dd0       __get_errno_ptr_
00406de0*      __get_doserrno_ptr_
Module: C:\WATCOM/lib386/nt\flib7.lib(sdfile.c)
00415990*      _FFCtrlSeq
00415992*      _SkipCtrlSeq
00415994       _NormalCtrlSeq
00415996       _SDTermIn
0041599a       _SDTermOut
0041599e*      _SDPrtName
Module: C:\WATCOM/lib386/nt\flib7.lib(unfmtout.c)
00406ed0       UnFmtOut_
Module: C:\WATCOM/lib386/nt\flib7.lib(freeout.c)
00407320       FreeOut_
004159a4+      _OutRtn
Module: C:\WATCOM/lib386/nt\flib7.lib(rttraps.c)
004074f0       __EnableF77RTExceptionHandling_
00407500       R_TrapInit_
00407590       R_TrapFini_
004075a0*      __InitExceptionVectors_
Module: C:\WATCOM/lib386/nt\flib7.lib(errrtns.c)
00438a18       ___ErrorFini
00438a1c       ___ErrorInit
00438a20       ___BldErrMsg
Module: C:\WATCOM/lib386/nt\clib3r.lib(atexit.c)
004075c0       atexit_
Module: C:\WATCOM/lib386/nt\clib3r.lib(regdata.c)
00407620       __RegisterThreadDataSize_
Module: C:\WATCOM/lib386/nt\flib7.lib(errutil.c)
00407650       BldErrCode_
004076b0*      MsgFormat_
004076e0*      MsgBuffer_
004159d8+      _PGrpCodes
Module: C:\WATCOM/lib386/nt\clib3r.lib(enterdb.c)
00407710       __EnterWVIDEO_
004159dc       ___WD_Present
Module: C:\WATCOM/lib386/nt\clib3r.lib(iob.c)
004159e0       ___iob
00415be8       __fmode
00438aa8       ___OpenStreams
00438aac       ___ClosedStreams
Module: C:\WATCOM/lib386/nt\clib3r.lib(setmd.c)
00407740       setmode_
Module: C:\WATCOM/lib386/nt\clib3r.lib(write.c)
00407a80       write_
Module: C:\WATCOM/lib386/nt\clib3r.lib(chipbug.c)
00407ce0       __verify_pentium_fdiv_bug_
Module: C:\WATCOM/lib386/nt\flib7.lib(_matherr.c)
00407d40*      __imath2err_
00407d80*      __amath1err_
00407db0*      __amath2err_
00407de0       __math2err_
00407ef0       __math1err_
00407f00*      __zmath2err_
00407f60*      __qmath2err_
Module: C:\WATCOM/lib386\math387r.lib(math87e.c)
00407fc6       __math87_err_
Module: C:\WATCOM/lib386/nt\clib3r.lib(initrtns.c)
00408050       __InitRtns
004080a0       __FiniRtns
Module: C:\WATCOM/lib386/nt\clib3r.lib(mthrdini.c)
00408100       __InitThreadData_
00415bec       ___ThreadDataSize
Module: C:\WATCOM/lib386/nt\clib3r.lib(cmain386.c)
00408130       __CMain
Module: C:\WATCOM/lib386/nt\clib3r.lib(dosseg)
00001234       __DOSseg__
Module: C:\WATCOM/lib386/nt\clib3r.lib(8087cw.c)
00415bf0       __8087cw
Module: C:\WATCOM/lib386/nt\clib3r.lib(save8087.c)
00415bf4       ___Save8087
00415bf8       ___Rest8087
Module: C:\WATCOM/lib386/nt\clib3r.lib(init8087)
00408174       __x87id
Module: C:\WATCOM/lib386/nt\flib7.lib(csetinfo.c)
00438ab0       _CharSetInfo
Module: C:\WATCOM/lib386/nt\flib7.lib(errmsg.c)
004084e0       _GroupTable
00408590       _ErrWord
Module: C:\WATCOM/lib386/nt\clib3r.lib(hdlman.c)
00415bfc+      ___NHandles
00415c00+      ___OSHandles
00415c04+      ___FakeHandles
00408bc0+      __growPOSIXHandles_
00408c60       __allocPOSIXHandle_
00408d20       __freePOSIXHandle_
00408d40       __getOSHandle_
00408d50       __setOSHandle_
00408da0+      __NTGetFakeHandle_
00408e10       __initPOSIXHandles_
00408ef0*      __set_handles_
00408f00*      _grow_handles_
Module: C:\WATCOM/lib386/nt\clib3r.lib(environ.c)
00438ac4       ___env_mask
00438ac8       _environ
00438acc       __wenviron
Module: C:\WATCOM/lib386/nt\clib3r.lib(getmodfn.c)
00408f40       __lib_GetModuleFileNameW_
Module: C:\WATCOM/lib386/nt\clib3r.lib(strdup.c)
00408fe0       __clib_strdup_
Module: C:\WATCOM/lib386/nt\clib3r.lib(istable.c)
00409020       __IsTable
Module: C:\WATCOM/lib386/nt\clib3r.lib(ustrdup.c)
00409121       __clib_wcsdup_
Module: C:\WATCOM/lib386/nt\clib3r.lib(nfree.c)
00409150       _nfree_
00409150       free_
00438ad0       ___MiniHeapFreeRover
Module: C:\WATCOM/lib386/nt\clib3r.lib(excptwnt.c)
004098c0+      ___ReportException@4
00409d10       __DefaultExceptionHandler_
00409d50+      ___ExceptionFilter
00409f60       __NewExceptionFilter_
00409f90       __DoneExceptionFilter_
00415c10       ___oscode_check_func
00415c14       ___raise_func
00438ad4*      _sw
00438ad8       ___ExceptionHandled
00438ad9+      ___ReportInvoked
Module: C:\WATCOM/lib386/nt\clib3r.lib(stklmwnt.c)
00409fd0       __init_stack_limits_
Module: C:\WATCOM/lib386/nt\clib3r.lib(getenv.c)
0040a040       getenv_
Module: C:\WATCOM/lib386/nt\clib3r.lib(ltoa.c)
0040a0d0       ultoa_
0040a120       ltoa_
Module: C:\WATCOM/lib386/nt\clib3r.lib(nmalloc.c)
0040a150       _nmalloc_
0040a150       malloc_
00415c2c       ___nheapbeg
00415c30       ___MiniHeapRover
00415c34       ___LargestSizeB4MiniHeapRover
Module: C:\WATCOM/lib386/nt\clib3r.lib(__stos)
0040a250       __STOSB
0040a287*      __STOSD
Module: C:\WATCOM/lib386/nt\clib3r.lib(setjmp)
0040a2f4       _setjmp_
0040a32d       longjmp_
Module: C:\WATCOM/lib386/nt\clib3r.lib(exit.c)
0040a3b5+      __null_int23_exit_
0040a3b6       exit_
0040a406*      _exit_
00415c38+      ___int23_exit
00415c3c+      ___FPE_handler_exit
Module: C:\WATCOM/lib386/nt\clib3r.lib(memmove.c)
0040a420       memmove_
Module: C:\WATCOM/lib386/nt\clib3r.lib(itoa.c)
0040a480       utoa_
0040a4d0       itoa_
Module: C:\WATCOM/lib386/nt\clib3r.lib(fgtattr.c)
0040a500       __fixed_GetFileAttributesA_
Module: C:\WATCOM/lib386/nt\clib3r.lib(dosret.c)
0040a5a0*      _dosretax_
0040a5b0*      _dosret0_
0040a5c0       __set_errno_dos_
0040a5f0*      __set_errno_dos_reterr_
0040a600       __set_errno_nt_
0040a610*      __set_errno_nt_reterr_
Module: C:\WATCOM/lib386/nt\clib3r.lib(seterrno.c)
0040a624       __set_errno_
0040a632*      __set_EDOM_
0040a640       __set_ERANGE_
0040a64e*      __set_EINVAL_
0040a661       __set_doserrno_
Module: C:\WATCOM/lib386/nt\clib3r.lib(gtcwdwnt.c)
0040a670       getcwd_
Module: C:\WATCOM/lib386/nt\clib3r.lib(iomode.c)
0040a700       __GetIOMode_
0040a720       __SetIOMode_nogrow_
00415d44       ___NFiles
00415d48       ___init_mode
00415d98       ___io_mode
Module: C:\WATCOM/lib386/nt\clib3r.lib(iomodtty.c)
0040a740       __ChkTTYIOMode_
0040a780       __IOMode_
Module: C:\WATCOM/lib386/nt\clib3r.lib(ntdirinf.c)
0040a7a0       __MakeDOSDT_
0040a7d0*      __FromDOSDT_
0040a800*      __GetNTDirInfo_
0040a840*      __NTFindNextFileWithAttr_
Module: C:\WATCOM/lib386/nt\clib3r.lib(d2ttime.c)
0040a8a0       _d2ttime_
Module: C:\WATCOM/lib386/nt\clib3r.lib(strerror.c)
0040ac40       strerror_
0040ac60*      _strerror_
0040ad30*      _doserror_
00415d9c+      __sys_errlist
00415e40+      __sys_nerr
Module: C:\WATCOM/lib386/nt\clib3r.lib(_strcmp)
0040ad60       strcmp_
Module: C:\WATCOM/lib386/nt\clib3r.lib(mbspbrk.c)
0040aea0       _mbspbrk_
Module: C:\WATCOM/lib386/nt\clib3r.lib(mbsinc.c)
0040aef0       _mbsinc_
Module: C:\WATCOM/lib386/nt\clib3r.lib(tolower.c)
0040af20       tolower_
Module: C:\WATCOM/lib386/nt\clib3r.lib(stiomode.c)
0040af30       __grow_iomode_
0040b000+      __shrink_iomode_
0040b040       __SetIOMode_
Module: C:\WATCOM/lib386/nt\clib3r.lib(close.c)
0040b0b0       close_
Module: C:\WATCOM/lib386/nt\clib3r.lib(openwnt.c)
0040b2d0*      open_
0040b2f0       sopen_
Module: C:\WATCOM/lib386/nt\clib3r.lib(lseek.c)
0040b320       lseek_
Module: C:\WATCOM/lib386/nt\flib7.lib(poscc.c)
0040b370*      __LineFeedWithFormFeed_
0040b380       FSetCC_
Module: C:\WATCOM/lib386/nt\clib3r.lib(unlnkwnt.c)
0040b3e0       unlink_
Module: C:\WATCOM/lib386/nt\clib3r.lib(chsizwnt.c)
0040b460       chsize_
Module: C:\WATCOM/lib386/nt\clib3r.lib(read.c)
0040b550       read_
Module: C:\WATCOM/lib386/nt\flib7.lib(wrutils.c)
0040b6e0       F_SendData_
0040b740*      SendLine_
0040b750       SendEOR_
0040b7e0*      SendInt_
0040b810       SendStr_
0040b830+      SendWSLStr_
0040b850       SendChar_
0040b870       Drop_
0040ba30       IOItemResult_
Module: C:\WATCOM/lib386/nt\flib7.lib(unfmtutl.c)
0040bab0       _SizeVars
Module: C:\WATCOM/lib386/nt\flib7.lib(undefcg.c)
0040bb50       OutLogCG_
0040bb60       OutIntCG_
0040bba0+      FmtRealCG_
0040bbd0+      FmtDoubleCG_
0040bc00+      FmtExtendedCG_
0040bc30+      UndefIntCG_
0040bc30+      UndefLogCG_
0040bc30+      UndefExtendedCG_
0040bc30+      UndefDoubleCG_
0040bc30+      UndefRealCG_
0040bc40+      GetRealCG_
00415e4c       _FmtRealRtn
00415e50       _FmtDoubleRtn
00415e54       _FmtExtendedRtn
00415e58       _SendStrRtn
00415e5c       _UndefRealRtn
00415e60       _UndefDoubleRtn
00415e64       _UndefExtendedRtn
00415e68       _UndefLogRtn
00415e6c       _UndefIntRtn
00415e70       _GetRealRtn
Module: C:\WATCOM/lib386/nt\flib7.lib(cctrl.c)
0040bc50       CheckCCtrl_
Module: C:\WATCOM/lib386/nt\clib3r.lib(signlwnt.c)
00415e74+      __SignalTable
0040bcc0+      __SetSignalFunc_
0040bd10+      __GetSignalFunc_
0040bd40+      __GetSignalOSCode_
0040bd70+      __CheckSignalExCode_
0040beb0+      __sigabort_
0040bec0       __sigfpe_handler_
0040bf10       signal_
0040bfa0+      raise_
0040c010+      __SigInit_
0040c060+      __SigFini_
0040c0a0+      __sig_init_
Module: C:\WATCOM/lib386/nt\flib7.lib(fptraps.c)
0040c180*      __MaskDefaultFPE_
0040c1a0       FPTrapInit_
0040c1d0       FPTrapFini_
Module: C:\WATCOM/lib386/nt\clib3r.lib(trdlist.c)
0040c240       __GetThreadData_
0040c290       __ReallocThreadData_
0040c380       __AddThreadData_
0040c400       __RemoveThreadData_
0040c460       __ResizeThreadDataList_
0040c490       __FreeThreadDataList_
0040c4c0*      __ActiveThreads_
Module: C:\WATCOM/lib386/nt\flib7.lib(errgrp.c)
0040c4e0       _GrpCodes
Module: C:\WATCOM/lib386/nt\clib3r.lib(initfile.c)
0040c5a0       __InitFiles_
Module: C:\WATCOM/lib386/nt\clib3r.lib(ioexit.c)
0040c6a0*      fcloseall_
0040c6b0       __full_io_exit_
Module: C:\WATCOM/lib386/nt\clib3r.lib(stackwnt.c)
0040c6c0       stackavail_
Module: C:\WATCOM/lib386/nt\clib3r.lib(stk)
0040c6d1*      __CHK
0040c6e1*      __STK
0040c700       __STKOVERFLOW_
0040c710*      __GRO
0040c730*      __alloca_probe
Module: C:\WATCOM/lib386/nt\clib3r.lib(cinit.c)
0040c750       __CommonInit_
Module: C:\WATCOM/lib386/nt\clib3r.lib(___argc.c)
00438be4       ____Argc
00438be8       ____Argv
Module: C:\WATCOM/lib386/nt\flib7.lib(rtmain.c)
0040c760       main_
Module: C:\WATCOM/lib386/nt\clib3r.lib(nrealloc.c)
0040c780*      _nrealloc_
0040c780       realloc_
Module: C:\WATCOM/lib386/nt\clib3r.lib(setenvp.c)
0040c800       __setenvp_
0040c8c0       __freeenvp_
Module: C:\WATCOM/lib386/nt\clib3r.lib(ustrlen.c)
0040c90d       wcslen_
Module: C:\WATCOM/lib386/nt\clib3r.lib(memcpy.c)
0040c920       memcpy_
Module: C:\WATCOM/lib386/nt\clib3r.lib(mem.c)
0040c940       __MemAllocator
0040c9f0       __MemFree
Module: C:\WATCOM/lib386/nt\clib3r.lib(conutwnt.c)
0040cb40*      __NTRealKey_
0040cbf0*      __NTConsoleInput_
0040cc00       __NTConsoleOutput_
Module: C:\WATCOM/lib386/nt\clib3r.lib(fclex387.c)
0040cc10       _ClearFPE_
Module: C:\WATCOM/lib386/nt\clib3r.lib(mbterm.c)
0040cc20       _mbterm_
Module: C:\WATCOM/lib386/nt\clib3r.lib(mbsnextc.c)
0040cc60       _mbsnextc_
Module: C:\WATCOM/lib386/nt\clib3r.lib(mbcupper.c)
0040cca0       _mbctoupper_
Module: C:\WATCOM/lib386/nt\clib3r.lib(alphabet.c)
00415088       ___Alphabet
Module: C:\WATCOM/lib386/nt\clib3r.lib(nmemneed.c)
0040ccd0       __nmemneed_
Module: C:\WATCOM/lib386/nt\clib3r.lib(grownear.c)
0040ce40       __ExpandDGROUP_
Module: C:\WATCOM/lib386/nt\clib3r.lib(ljmphdl.c)
00415ef8       ___longjmp_handler
Module: C:\WATCOM/lib386/nt\clib3r.lib(isattwnt.c)
0040ce70       isatty_
Module: C:\WATCOM/lib386/nt\clib3r.lib(strncpy.c)
0040ce90       strncpy_
Module: C:\WATCOM/lib386/nt\clib3r.lib(mktime.c)
0040ced0       mktime_
Module: C:\WATCOM/lib386/nt\clib3r.lib(mbschr.c)
0040cf60       _mbschr_
Module: C:\WATCOM/lib386/nt\clib3r.lib(mbisdbcs.c)
00438bf0       ___IsDBCS
Module: C:\WATCOM/lib386/nt\clib3r.lib(mbislead.c)
0040cfc0*      _ismbblead_
00438bf4       ___MBCSIsTable
Module: C:\WATCOM/lib386/nt\clib3r.lib(_clsewnt.c)
0040cfe0       __close_
Module: C:\WATCOM/lib386/nt\clib3r.lib(ntfio.c)
0040d040*      __GetNTCreateAttr_
0040d080       __GetNTAccessAttr_
0040d0b0       __GetNTShareAttr_
Module: C:\WATCOM/lib386/nt\clib3r.lib(umaskval.c)
00415efc       ___umaskval
Module: C:\WATCOM/lib386/nt\clib3r.lib(__lseek.c)
0040d110       __lseek_
Module: C:\WATCOM/lib386/nt\flib7.lib(ifile.c)
0040d150       SendIFBuff_
0040d180       NextIFBuff_
Module: C:\WATCOM/lib386/nt\flib7.lib(expchk.c)
0040d1b0       ToFFormat_
Module: C:\WATCOM/lib386/nt\flib7.lib(fmtrtns.c)
0040d200       R_F2E_
0040d370       R_F2F_
0040d500       SetMaxPrec_
Module: C:\WATCOM/lib386/nt\flib7.lib(chrutils.c)
0040d510       JmpBlanks_
Module: C:\WATCOM/lib386/nt\flib7.lib(rfmtlog.c)
0040d540       R_FmtLog_
Module: C:\WATCOM/lib386/nt\flib7.lib(rfmtutil.c)
0040d5a0+      R_ChkType_
0040d5d0*      R_NewRec_
0040d610*      R_ChkIType_
0040d640*      R_ChkFType_
0040d670*      R_ChkRecLen_
0040d690+      GetLen_
0040d6d0*      R_FOStr_
0040d6e0*      FOString_
0040d750*      R_FIStr_
0040d810+      R_FOLog_
0040d860*      R_FILog_
0040d940*      R_FIFloat_
0040db30       GetReal_
0040dc40*      R_FOF_
0040dcc0*      R_FOE_
0040de00+      FmtH2B_
0040def0*      R_FIHex_
0040e070*      R_FOHex_
0040e080*      FOHex_
0040e180*      R_FIInt_
0040e290*      R_FOInt_
0040e4f0*      R_FOG_
0040e770+      ChkBuffLen_
Module: C:\WATCOM/lib386/nt\clib3r.lib(abort.c)
0040e7a7*      abort_
0040e7b9       __terminate_
00415f00       ___abort
Module: C:\WATCOM/lib386/nt\clib3r.lib(cntrl87.c)
0040e7d0       _control87_
Module: C:\WATCOM/lib386/nt\clib3r.lib(mthread.c)
0040e9b0+      __CloseSemaphore_
0040e9f0+      __AccessIOB_
0040ea00+      __ReleaseIOB_
0040ea10+      __AccessFileH_
0040ea20+      __ReleaseFileH_
0040ea30+      __AccessNHeap_
0040ea40+      __ReleaseNHeap_
0040ea50+      __AccessFHeap_
0040ea60+      __ReleaseFHeap_
0040ea70+      __AccessTDList_
0040ea80+      __ReleaseTDList_
0040ea90+      __AccessFList_
0040eaa0+      __AccessSemaphore_
0040eb00+      __ReleaseFList_
0040eb10+      __ReleaseSemaphore_
0040eb40+      __MultipleThread_
0040eb90+      __AllocInitThreadData_
0040ebe0*      __FreeInitThreadData_
0040ebf0       __NTThreadInit_
0040ec60       __NTAddThread_
0040ecb0       __NTRemoveThread_
0040ed40       __InitMultipleThread_
00415f04+      ___AccessSema4
00415f08+      ___ReleaseSema4
00415f0c+      ___CloseSema4
Module: C:\WATCOM/lib386/nt\clib3r.lib(xmsgwnt.c)
0040ef00+      __exit_with_msg_
0040ef60       __fatal_runtime_error_
Module: C:\WATCOM/lib386/nt\clib3r.lib(calloc.c)
0040ef80       calloc_
Module: C:\WATCOM/lib386/nt\clib3r.lib(register.c)
0040efb0       __initthread_
0040efc0*      _beginthread_
0040efd0       _endthread_
0040efe0*      __RegisterThreadData_
Module: C:\WATCOM/lib386/nt\clib3r.lib(fclose.c)
0040f030+      __doclose_
0040f0d0       __shutdown_stream_
0040f0f0*      fclose_
00439464+      ___RmTmpFileFn
Module: C:\WATCOM/lib386/nt\clib3r.lib(freefp.c)
0040f140       __freefp_
0040f190       __purgefp_
Module: C:\WATCOM/lib386/nt\clib3r.lib(argcv.c)
00439468       __argc
0043946c       __argv
00439470       ___argv
00439474       ___argc
Module: C:\WATCOM/lib386/nt\clib3r.lib(nmsize.c)
0040f1c0       _nmsize_
0040f1c0*      _msize_
Module: C:\WATCOM/lib386/nt\clib3r.lib(nexpand.c)
0040f1d0       _nexpand_
0040f1d0*      _expand_
0040f210+      __HeapManager_expand_
Module: C:\WATCOM/lib386/nt\clib3r.lib(dofilstr.c)
0040f3f0       __ParsePosixHandleStr_
Module: C:\WATCOM/lib386/nt\clib3r.lib(clearenv.c)
0040f510       clearenv_
Module: C:\WATCOM/lib386/nt\clib3r.lib(mbconv.c)
0040f5a0       _mbvtop_
Module: C:\WATCOM/lib386/nt\clib3r.lib(amblksiz.c)
00415f1c       __amblksiz
Module: C:\WATCOM/lib386/nt\clib3r.lib(heapen.c)
0040f5c0*      _heapenable_
00415f20       ___heap_enabled
Module: C:\WATCOM/lib386/nt\clib3r.lib(nheapmin.c)
0040f5f0       _nheapshrink_
0040f5f0*      _nheapmin_
0040f5f0*      _heapmin_
0040f5f0       _heapshrink_
Module: C:\WATCOM/lib386/nt\clib3r.lib(locmktim.c)
0040f6e0       __local_mktime_
Module: C:\WATCOM/lib386/nt\clib3r.lib(gmtime.c)
0040f860       __brktime_
0040f960+      _gmtime_
0040f980*      gmtime_
Module: C:\WATCOM/lib386/nt\clib3r.lib(tzset.c)
00415f24       ___start_dst
00415f48       ___end_dst
00416070*      _tzname
00416078       _timezone
0041607c       _daylight
00416080       ___dst_adjust
0040f9f0*      __DontCacheOSTZ_
0040fa00*      __CacheOSTZ_
0040fee0+      __parse_tz_
004102d0       tzset_
Module: C:\WATCOM/lib386/nt\clib3r.lib(timeutil.c)
00410440       __isindst_
Module: C:\WATCOM/lib386/nt\clib3r.lib(mbclen.c)
00410770       _mbclen_
Module: C:\WATCOM/lib386/nt\clib3r.lib(mbccmp.c)
004107a0       _mbccmp_
Module: C:\WATCOM/lib386/nt\clib3r.lib(mbinit.c)
00410815       __mbinit_
00416088       ___MBCodePage
Module: C:\WATCOM/lib386\math387r.lib(ldcvt.c)
004109e2       _LDScale10x_
00410f89       __LDcvt_
Module: C:\WATCOM/lib386/nt\flib7.lib(rdutils.c)
004113e0       NextRec_
Module: C:\WATCOM/lib386/nt\clib3r.lib(toupper.c)
004114f0       toupper_
Module: C:\WATCOM/lib386/nt\flib7.lib(fmtcnvt.c)
00411500       FmtS2I_
00411630       FmtS2F_
Module: C:\WATCOM/lib386/nt\flib7.lib(flt86.c)
00411a00       _P1d100
00411a08       _P1d_99
Module: C:\WATCOM/lib386/nt\flib7.lib(hexcnv.c)
00411a20       Hex_
00411a40*      HSToB_
00411ab0       BToHS_
Module: C:\WATCOM/lib386/nt\clib3r.lib(strupr.c)
00411b00       strupr_
Module: C:\WATCOM/lib386/nt\clib3r.lib(trdalloc.c)
00411b20       __FiniThreadProcessing_
Module: C:\WATCOM/lib386/nt\clib3r.lib(thredwnt.c)
00411be0       __CBeginThread_
00411c80       __CEndThread_
Module: C:\WATCOM/lib386/nt\clib3r.lib(flush.c)
00411cc0       __flush_
Module: C:\WATCOM/lib386/nt\clib3r.lib(initargv.c)
00411dc0       __Init_Argv_
00411e10+      _getargv_
00411fb0       __Fini_Argv_
Module: C:\WATCOM/lib386/nt\clib3r.lib(strtol.c)
004121e0*      strtoul_
004121f0       strtol_
Module: C:\WATCOM/lib386/nt\clib3r.lib(putenv.c)
00412200       putenv_
00412490       __putenv_
Module: C:\WATCOM/lib386/nt\clib3r.lib(leapyear.c)
00412600       __leapyear_
004150f8       ___diyr
00415112       ___dilyr
Module: C:\WATCOM/lib386/nt\clib3r.lib(wcstombs.c)
00412640       wcstombs_
Module: C:\WATCOM/lib386\math387r.lib(ldclass.c)
004126df       __LDClass_
0041272f*      _FLClass_
Module: C:\WATCOM/lib386/nt\flib7.lib(intarith.c)
00412740       AddIOFlo_
00412750*      SubIOFlo_
00412760       MulIOFlo_
Module: C:\WATCOM/lib386\math387r.lib(strtod.c)
00412c83+      __Strtold_
00412dea       strtod_
Module: C:\WATCOM/lib386/nt\clib3r.lib(fsync.c)
00412f30       fsync_
Module: C:\WATCOM/lib386/nt\clib3r.lib(qwrit.c)
00412f80       __qwrite_
Module: C:\WATCOM/lib386/nt\clib3r.lib(histsplt.c)
0043947c       ___historical_splitparms
Module: C:\WATCOM/lib386/nt\clib3r.lib(mbslen.c)
00413060       _mbslen_
Module: C:\WATCOM/lib386/nt\clib3r.lib(mbstowcs.c)
00413090       mbstowcs_
Module: C:\WATCOM/lib386/nt\clib3r.lib(uputenv.c)
00413110*      _wputenv_
00413330       __wputenv_
Module: C:\WATCOM/lib386/nt\clib3r.lib(wctomb.c)
00413430       wctomb_
Module: C:\WATCOM/lib386\math387r.lib(bufld386)
00413470       __ZBuf2LD
Module: C:\WATCOM/lib386\math387r.lib(inf_nan.c)
00413513*      ___f_infinity
00413517*      ___f_posqnan
0041351b       ___d_infinity
00413523       ___d_posqnan
0041352b*      ___ld_infinity
00413533*      ___ld_posqnan
Module: C:\WATCOM/lib386/nt\clib3r.lib(hugeval.c)
00413540       __HugeValue
Module: C:\WATCOM/lib386/nt\clib3r.lib(mbtowc.c)
00413550       mbtowc_
Module: C:\WATCOM/lib386/nt\clib3r.lib(ustrchr.c)
004135e0       wcschr_
Module: C:\WATCOM/lib386/nt\clib3r.lib(setenvar.c)
00413600       __lib_SetEnvironmentVariableW_
Module: C:\WATCOM/lib386/nt\clib3r.lib(crtwenv.c)
004136f0       __create_wide_environment_
Module: C:\WATCOM/lib386/nt\clib3r.lib(utoupper.c)
00413758       towupper_


                        +----------------------+
                        |   Imported Symbols   |
                        +----------------------+

Symbol                              Module
======                              ======

_MessageBoxA@16                     USER32.DLL
_GetEnvironmentStringsA@0           KERNEL32.DLL
_GetVersion@0                       KERNEL32.DLL
_GetModuleFileNameA@12              KERNEL32.DLL
_GetCommandLineA@0                  KERNEL32.DLL
_GetCommandLineW@0                  KERNEL32.DLL
_FreeEnvironmentStringsA@4          KERNEL32.DLL
_GetModuleHandleA@4                 KERNEL32.DLL
_ExitProcess@4                      KERNEL32.DLL
_RtlUnwind@16                       KERNEL32.DLL
_GetFullPathNameA@16                KERNEL32.DLL
_GetFileType@4                      KERNEL32.DLL
_GetFileInformationByHandle@8       KERNEL32.DLL
_GetFileTime@16                     KERNEL32.DLL
_GetFileSize@8                      KERNEL32.DLL
_CreateFileA@28                     KERNEL32.DLL
_CloseHandle@4                      KERNEL32.DLL
_GetLastError@0                     KERNEL32.DLL
_GetDriveTypeA@4                    KERNEL32.DLL
_FindFirstFileA@8                   KERNEL32.DLL
_FindClose@4                        KERNEL32.DLL
_SetFilePointer@16                  KERNEL32.DLL
_WriteFile@20                       KERNEL32.DLL
_GetCurrentThreadId@0               KERNEL32.DLL
_SetStdHandle@8                     KERNEL32.DLL
_CreateEventA@16                    KERNEL32.DLL
_GetStdHandle@4                     KERNEL32.DLL
_GetModuleFileNameW@12              KERNEL32.DLL
_MultiByteToWideChar@24             KERNEL32.DLL
_LoadLibraryA@4                     KERNEL32.DLL
_GetProcAddress@8                   KERNEL32.DLL
_SetUnhandledExceptionFilter@4      KERNEL32.DLL
_UnhandledExceptionFilter@4         KERNEL32.DLL
_VirtualQuery@12                    KERNEL32.DLL
_GetFileAttributesA@4               KERNEL32.DLL
_GetCurrentDirectoryA@8             KERNEL32.DLL
_FileTimeToLocalFileTime@8          KERNEL32.DLL
_FileTimeToDosDateTime@12           KERNEL32.DLL
_DosDateTimeToFileTime@12           KERNEL32.DLL
_LocalFileTimeToFileTime@8          KERNEL32.DLL
_FindNextFileA@8                    KERNEL32.DLL
_FormatMessageA@28                  KERNEL32.DLL
_DeleteFileA@4                      KERNEL32.DLL
_SetEndOfFile@4                     KERNEL32.DLL
_ReadFile@20                        KERNEL32.DLL
_SetConsoleCtrlHandler@8            KERNEL32.DLL
_TlsGetValue@4                      KERNEL32.DLL
_TlsSetValue@8                      KERNEL32.DLL
_CharUpperA@4                       USER32.DLL
_VirtualAlloc@16                    KERNEL32.DLL
_InitializeCriticalSection@4        KERNEL32.DLL
_DeleteCriticalSection@4            KERNEL32.DLL
_LeaveCriticalSection@4             KERNEL32.DLL
_EnterCriticalSection@4             KERNEL32.DLL
_SetLastError@4                     KERNEL32.DLL
_TlsAlloc@0                         KERNEL32.DLL
_TlsFree@4                          KERNEL32.DLL
_VirtualFree@12                     KERNEL32.DLL
_GetTimeZoneInformation@4           KERNEL32.DLL
_GetACP@0                           KERNEL32.DLL
_GetOEMCP@0                         KERNEL32.DLL
_GetCPInfo@8                        KERNEL32.DLL
_CreateThread@24                    KERNEL32.DLL
_ResumeThread@4                     KERNEL32.DLL
_ExitThread@4                       KERNEL32.DLL
_SetEnvironmentVariableA@8          KERNEL32.DLL
_FlushFileBuffers@4                 KERNEL32.DLL
_WideCharToMultiByte@32             KERNEL32.DLL
_SetEnvironmentVariableW@8          KERNEL32.DLL


                        +--------------------+
                        |   Libraries Used   |
                        +--------------------+

C:\WATCOM/lib386/nt\kernel32.lib
C:\WATCOM/lib386/nt\user32.lib
C:\WATCOM/lib386/nt\flib7.lib
C:\WATCOM/lib386\math387r.lib
C:\WATCOM/lib386/nt\clib3r.lib
C:\WATCOM/lib386/nt\emu387.lib


                        +-----------------------+
                        |   Linker Statistics   |
                        +-----------------------+

Stack size:  00010000 (65536.)
Memory size:  0004750c (292108.)
Entry point address: 0040231e
Link time: 00:00.93
